<html>
<body>
<pre>
<h1>µVision Build Log</h1>
<h2>Project:</h2>
N:\MTE241\Project3\Project3.uvproj
Project File Date:  11/08/2016

<h2>Output:</h2>
Build target 'Target 1'
compiling Retarget.c...
compiling uart.c...
compiling array_tools.c...
array_tools.c(92): warning:  #181-D: argument is incompatible with corresponding format string conversion
compiling main.c...
compiling quicksort.c...
quicksort.c(80): error:  #20: identifier "MAX" is undefined
quicksort.c(85): error:  #20: identifier "list" is undefined
quicksort.c(111): warning:  #223-D: function "display" declared implicitly
quicksort.c(117): error:  #254: type name is not allowed
quicksort.c(117): error:  #65: expected a ";"
quicksort.c(119): error:  #254: type name is not allowed
quicksort.c(119): error:  #65: expected a ";"
quicksort.c(125): error:  #268: declaration may not appear after executable statement in block
quicksort.c(128): error:  #44: expression must have pointer type
quicksort.c(130): error:  #44: expression must have pointer type
quicksort.c(130): error:  #44: expression must have pointer type
quicksort.c(131): warning:  #223-D: function "bubble" declared implicitly
quicksort.c(140): error:  #44: expression must have pointer type
quicksort.c(140): error:  #44: expression must have pointer type
quicksort.c(141): warning:  #223-D: function "bubble" declared implicitly
Target not created
Rebuild target 'Target 1'
assembling startup_LPC17xx.s...
compiling system_LPC17xx.c...
compiling Retarget.c...
compiling uart.c...
compiling array_tools.c...
array_tools.c(92): warning:  #181-D: argument is incompatible with corresponding format string conversion
compiling main.c...
compiling quicksort.c...
quicksort.c(80): error:  #20: identifier "MAX" is undefined
quicksort.c(85): error:  #20: identifier "list" is undefined
quicksort.c(111): warning:  #223-D: function "display" declared implicitly
quicksort.c(117): error:  #254: type name is not allowed
quicksort.c(117): error:  #65: expected a ";"
quicksort.c(119): error:  #254: type name is not allowed
quicksort.c(119): error:  #65: expected a ";"
quicksort.c(125): error:  #268: declaration may not appear after executable statement in block
quicksort.c(128): error:  #44: expression must have pointer type
quicksort.c(130): error:  #44: expression must have pointer type
quicksort.c(130): error:  #44: expression must have pointer type
quicksort.c(131): error:  #167: argument of type "array_interval_t *" is incompatible with parameter of type "array_interval_t"
quicksort.c(140): error:  #44: expression must have pointer type
quicksort.c(140): error:  #44: expression must have pointer type
quicksort.c(141): error:  #167: argument of type "array_interval_t *" is incompatible with parameter of type "array_interval_t"
compiling RTX_Conf_CM.c...
Target not created
Rebuild target 'Target 1'
assembling startup_LPC17xx.s...
compiling system_LPC17xx.c...
compiling Retarget.c...
compiling uart.c...
compiling array_tools.c...
array_tools.c(92): warning:  #181-D: argument is incompatible with corresponding format string conversion
compiling main.c...
compiling quicksort.c...
quicksort.c(78): error:  #268: declaration may not appear after executable statement in block
quicksort.c(117): error:  #254: type name is not allowed
quicksort.c(117): error:  #65: expected a ";"
quicksort.c(119): error:  #254: type name is not allowed
quicksort.c(119): error:  #65: expected a ";"
quicksort.c(126): error:  #268: declaration may not appear after executable statement in block
quicksort.c(129): error:  #44: expression must have pointer type
quicksort.c(132): error:  #44: expression must have pointer type
quicksort.c(132): error:  #44: expression must have pointer type
quicksort.c(142): error:  #44: expression must have pointer type
quicksort.c(142): error:  #44: expression must have pointer type
compiling RTX_Conf_CM.c...
Target not created
Load "N:\\MTE241\\Project3\\Project3.AXF" 
_____^
*** error 56: cannot open file
Rebuild target 'Target 1'
assembling startup_LPC17xx.s...
compiling system_LPC17xx.c...
compiling Retarget.c...
compiling uart.c...
compiling array_tools.c...
array_tools.c(92): warning:  #181-D: argument is incompatible with corresponding format string conversion
compiling main.c...
compiling quicksort.c...
quicksort.c(116): error:  #254: type name is not allowed
quicksort.c(116): error:  #65: expected a ";"
quicksort.c(119): error:  #20: identifier "p_array" is undefined
quicksort.c(127): error:  #268: declaration may not appear after executable statement in block
quicksort.c(133): error:  #44: expression must have pointer type
quicksort.c(133): error:  #44: expression must have pointer type
quicksort.c(145): error:  #44: expression must have pointer type
quicksort.c(145): error:  #44: expression must have pointer type
compiling RTX_Conf_CM.c...
Target not created
Rebuild target 'Target 1'
assembling startup_LPC17xx.s...
compiling system_LPC17xx.c...
compiling Retarget.c...
compiling uart.c...
compiling array_tools.c...
array_tools.c(92): warning:  #181-D: argument is incompatible with corresponding format string conversion
compiling main.c...
compiling quicksort.c...
quicksort.c(116): error:  #254: type name is not allowed
quicksort.c(116): error:  #65: expected a ";"
quicksort.c(128): error:  #268: declaration may not appear after executable statement in block
quicksort.c(131): error:  #44: expression must have pointer type
quicksort.c(134): error:  #44: expression must have pointer type
quicksort.c(134): error:  #44: expression must have pointer type
quicksort.c(146): error:  #44: expression must have pointer type
quicksort.c(146): error:  #44: expression must have pointer type
compiling RTX_Conf_CM.c...
Target not created
Rebuild target 'Target 1'
assembling startup_LPC17xx.s...
compiling system_LPC17xx.c...
compiling Retarget.c...
compiling uart.c...
compiling array_tools.c...
array_tools.c(92): warning:  #181-D: argument is incompatible with corresponding format string conversion
compiling main.c...
compiling quicksort.c...
quicksort.c(116): error:  #144: a value of type "void *" cannot be used to initialize an entity of type "qsort_task_parameters_t"
quicksort.c(128): error:  #268: declaration may not appear after executable statement in block
quicksort.c(131): error:  #44: expression must have pointer type
quicksort.c(134): error:  #44: expression must have pointer type
quicksort.c(134): error:  #44: expression must have pointer type
quicksort.c(146): error:  #44: expression must have pointer type
quicksort.c(146): error:  #44: expression must have pointer type
compiling RTX_Conf_CM.c...
Target not created
Rebuild target 'Target 1'
assembling startup_LPC17xx.s...
compiling system_LPC17xx.c...
compiling Retarget.c...
compiling uart.c...
compiling array_tools.c...
array_tools.c(92): warning:  #181-D: argument is incompatible with corresponding format string conversion
compiling main.c...
compiling quicksort.c...
quicksort.c(116): error:  #144: a value of type "qsort_task_parameters_t *" cannot be used to initialize an entity of type "qsort_task_parameters_t"
quicksort.c(128): error:  #268: declaration may not appear after executable statement in block
quicksort.c(131): error:  #44: expression must have pointer type
quicksort.c(134): error:  #44: expression must have pointer type
quicksort.c(134): error:  #44: expression must have pointer type
quicksort.c(146): error:  #44: expression must have pointer type
quicksort.c(146): error:  #44: expression must have pointer type
compiling RTX_Conf_CM.c...
Target not created
Rebuild target 'Target 1'
assembling startup_LPC17xx.s...
compiling system_LPC17xx.c...
compiling Retarget.c...
compiling uart.c...
compiling array_tools.c...
array_tools.c(92): warning:  #181-D: argument is incompatible with corresponding format string conversion
compiling main.c...
compiling quicksort.c...
quicksort.c(118): error:  #154: expression must have struct or union type
quicksort.c(120): error:  #154: expression must have struct or union type
quicksort.c(128): error:  #268: declaration may not appear after executable statement in block
quicksort.c(131): error:  #44: expression must have pointer type
quicksort.c(134): error:  #44: expression must have pointer type
quicksort.c(134): error:  #44: expression must have pointer type
quicksort.c(146): error:  #44: expression must have pointer type
quicksort.c(146): error:  #44: expression must have pointer type
compiling RTX_Conf_CM.c...
Target not created
Rebuild target 'Target 1'
assembling startup_LPC17xx.s...
compiling system_LPC17xx.c...
compiling Retarget.c...
compiling uart.c...
compiling array_tools.c...
array_tools.c(92): warning:  #181-D: argument is incompatible with corresponding format string conversion
compiling main.c...
compiling quicksort.c...
quicksort.c(120): error:  #154: expression must have struct or union type
quicksort.c(128): error:  #268: declaration may not appear after executable statement in block
quicksort.c(131): error:  #44: expression must have pointer type
quicksort.c(134): error:  #44: expression must have pointer type
quicksort.c(134): error:  #44: expression must have pointer type
quicksort.c(146): error:  #44: expression must have pointer type
quicksort.c(146): error:  #44: expression must have pointer type
compiling RTX_Conf_CM.c...
Target not created
Build target 'Target 1'
compiling quicksort.c...
quicksort.c(128): error:  #268: declaration may not appear after executable statement in block
quicksort.c(131): error:  #44: expression must have pointer type
quicksort.c(134): error:  #44: expression must have pointer type
quicksort.c(134): error:  #44: expression must have pointer type
quicksort.c(146): error:  #44: expression must have pointer type
quicksort.c(146): error:  #44: expression must have pointer type
Target not created
Rebuild target 'Target 1'
assembling startup_LPC17xx.s...
compiling system_LPC17xx.c...
compiling Retarget.c...
compiling uart.c...
compiling array_tools.c...
array_tools.c(92): warning:  #181-D: argument is incompatible with corresponding format string conversion
compiling main.c...
compiling quicksort.c...
quicksort.c(128): error:  #268: declaration may not appear after executable statement in block
quicksort.c(131): error:  #44: expression must have pointer type
quicksort.c(134): error:  #44: expression must have pointer type
quicksort.c(134): error:  #44: expression must have pointer type
quicksort.c(146): error:  #44: expression must have pointer type
quicksort.c(146): error:  #44: expression must have pointer type
compiling RTX_Conf_CM.c...
Target not created
Rebuild target 'Target 1'
assembling startup_LPC17xx.s...
compiling system_LPC17xx.c...
compiling Retarget.c...
compiling uart.c...
compiling array_tools.c...
array_tools.c(92): warning:  #181-D: argument is incompatible with corresponding format string conversion
compiling main.c...
compiling quicksort.c...
quicksort.c(128): error:  #268: declaration may not appear after executable statement in block
quicksort.c(131): error:  #44: expression must have pointer type
quicksort.c(134): error:  #44: expression must have pointer type
quicksort.c(134): error:  #44: expression must have pointer type
quicksort.c(146): error:  #44: expression must have pointer type
quicksort.c(146): error:  #44: expression must have pointer type
compiling RTX_Conf_CM.c...
Target not created
Rebuild target 'Target 1'
assembling startup_LPC17xx.s...
compiling system_LPC17xx.c...
compiling Retarget.c...
compiling uart.c...
compiling array_tools.c...
array_tools.c(92): warning:  #181-D: argument is incompatible with corresponding format string conversion
compiling main.c...
compiling quicksort.c...
quicksort.c(132): error:  #44: expression must have pointer type
quicksort.c(135): error:  #44: expression must have pointer type
quicksort.c(135): error:  #44: expression must have pointer type
quicksort.c(147): error:  #44: expression must have pointer type
quicksort.c(147): error:  #44: expression must have pointer type
compiling RTX_Conf_CM.c...
Target not created
Rebuild target 'Target 1'
assembling startup_LPC17xx.s...
compiling system_LPC17xx.c...
compiling Retarget.c...
compiling uart.c...
compiling array_tools.c...
array_tools.c(92): warning:  #181-D: argument is incompatible with corresponding format string conversion
compiling main.c...
compiling quicksort.c...
compiling RTX_Conf_CM.c...
linking...
Program Size: Code=10920 RO-data=340 RW-data=108 ZI-data=22484  
"Project3.axf" - 0 Error(s), 1 Warning(s).
Load "N:\\MTE241\\Project3\\Project3.AXF" 
No Algorithm found for: 00000000H - 00002C67H
Erase skipped!
Load "N:\\MTE241\\Project3\\Project3.AXF" 
Erase Done.
Programming Done.
Verify OK.
Rebuild target 'Target 1'
assembling startup_LPC17xx.s...
compiling system_LPC17xx.c...
compiling Retarget.c...
compiling uart.c...
compiling array_tools.c...
array_tools.c(92): warning:  #181-D: argument is incompatible with corresponding format string conversion
compiling main.c...
compiling quicksort.c...
quicksort.c(143): error:  #154: expression must have struct or union type
quicksort.c(155): error:  #154: expression must have struct or union type
compiling RTX_Conf_CM.c...
Target not created
Rebuild target 'Target 1'
assembling startup_LPC17xx.s...
compiling system_LPC17xx.c...
compiling Retarget.c...
compiling uart.c...
compiling array_tools.c...
array_tools.c(92): warning:  #181-D: argument is incompatible with corresponding format string conversion
compiling main.c...
compiling quicksort.c...
compiling RTX_Conf_CM.c...
linking...
Program Size: Code=11120 RO-data=340 RW-data=108 ZI-data=22484  
"Project3.axf" - 0 Error(s), 1 Warning(s).
Load "N:\\MTE241\\Project3\\Project3.AXF" 
Erase Done.
Programming Done.
Verify OK.
Rebuild target 'Target 1'
assembling startup_LPC17xx.s...
compiling system_LPC17xx.c...
compiling Retarget.c...
compiling uart.c...
compiling array_tools.c...
array_tools.c(92): warning:  #181-D: argument is incompatible with corresponding format string conversion
compiling main.c...
compiling quicksort.c...
quicksort.c(75): warning:  #177-D: variable "MAX" was declared but never referenced
compiling RTX_Conf_CM.c...
linking...
Program Size: Code=11108 RO-data=340 RW-data=108 ZI-data=22484  
"Project3.axf" - 0 Error(s), 2 Warning(s).
Load "N:\\MTE241\\Project3\\Project3.AXF" 
Erase Done.
Programming Done.
Verify OK.
Rebuild target 'Target 1'
assembling startup_LPC17xx.s...
compiling system_LPC17xx.c...
compiling Retarget.c...
compiling uart.c...
compiling array_tools.c...
array_tools.c(92): warning:  #181-D: argument is incompatible with corresponding format string conversion
compiling main.c...
compiling quicksort.c...
compiling RTX_Conf_CM.c...
linking...
Program Size: Code=11108 RO-data=340 RW-data=108 ZI-data=22484  
"Project3.axf" - 0 Error(s), 1 Warning(s).
Load "N:\\MTE241\\Project3\\Project3.AXF" 
Erase Done.
Programming Done.
Verify OK.
Rebuild target 'Target 1'
assembling startup_LPC17xx.s...
compiling system_LPC17xx.c...
compiling Retarget.c...
compiling uart.c...
compiling array_tools.c...
array_tools.c(92): warning:  #181-D: argument is incompatible with corresponding format string conversion
compiling main.c...
compiling quicksort.c...
compiling RTX_Conf_CM.c...
linking...
Program Size: Code=10956 RO-data=340 RW-data=108 ZI-data=22484  
"Project3.axf" - 0 Error(s), 1 Warning(s).
Rebuild target 'Target 1'
assembling startup_LPC17xx.s...
compiling system_LPC17xx.c...
compiling Retarget.c...
compiling uart.c...
compiling array_tools.c...
array_tools.c(92): warning:  #181-D: argument is incompatible with corresponding format string conversion
compiling main.c...
compiling quicksort.c...
compiling RTX_Conf_CM.c...
linking...
Program Size: Code=10956 RO-data=340 RW-data=108 ZI-data=22484  
"Project3.axf" - 0 Error(s), 1 Warning(s).
Load "N:\\MTE241\\Project3\\Project3.AXF" 
Erase Done.
Programming Done.
Verify OK.
Rebuild target 'Target 1'
assembling startup_LPC17xx.s...
compiling system_LPC17xx.c...
compiling Retarget.c...
compiling uart.c...
compiling array_tools.c...
array_tools.c(92): warning:  #181-D: argument is incompatible with corresponding format string conversion
compiling main.c...
compiling quicksort.c...
quicksort.c(122): error:  #268: declaration may not appear after executable statement in block
quicksort.c(123): error:  #268: declaration may not appear after executable statement in block
quicksort.c(127): error:  #268: declaration may not appear after executable statement in block
quicksort.c(128): error:  #268: declaration may not appear after executable statement in block
compiling RTX_Conf_CM.c...
Target not created
Rebuild target 'Target 1'
assembling startup_LPC17xx.s...
compiling system_LPC17xx.c...
compiling Retarget.c...
compiling uart.c...
compiling array_tools.c...
array_tools.c(92): warning:  #181-D: argument is incompatible with corresponding format string conversion
compiling main.c...
compiling quicksort.c...
quicksort.c(121): error:  #268: declaration may not appear after executable statement in block
quicksort.c(122): error:  #268: declaration may not appear after executable statement in block
quicksort.c(126): error:  #268: declaration may not appear after executable statement in block
quicksort.c(127): error:  #268: declaration may not appear after executable statement in block
compiling RTX_Conf_CM.c...
Target not created
Rebuild target 'Target 1'
assembling startup_LPC17xx.s...
compiling system_LPC17xx.c...
compiling Retarget.c...
compiling uart.c...
compiling array_tools.c...
array_tools.c(92): warning:  #181-D: argument is incompatible with corresponding format string conversion
compiling main.c...
compiling quicksort.c...
compiling RTX_Conf_CM.c...
linking...
Program Size: Code=10956 RO-data=340 RW-data=108 ZI-data=22484  
"Project3.axf" - 0 Error(s), 1 Warning(s).
Load "N:\\MTE241\\Project3\\Project3.AXF" 
Erase Done.
Programming Done.
Verify OK.
Rebuild target 'Target 1'
assembling startup_LPC17xx.s...
compiling system_LPC17xx.c...
compiling Retarget.c...
compiling uart.c...
compiling array_tools.c...
array_tools.c(92): warning:  #181-D: argument is incompatible with corresponding format string conversion
compiling main.c...
compiling quicksort.c...
compiling RTX_Conf_CM.c...
linking...
Program Size: Code=10800 RO-data=340 RW-data=108 ZI-data=22484  
"Project3.axf" - 0 Error(s), 1 Warning(s).
Load "N:\\MTE241\\Project3\\Project3.AXF" 
Erase Done.
Programming Done.
Verify OK.
