<html>
<body>
<pre>
<h1>µVision Build Log</h1>
<h2>Project:</h2>
N:\MTE241\MultThreadQS\Project3.uvproj
Project File Date:  11/08/2016

<h2>Output:</h2>
Load "N:\\MTE241\\MultThreadQS\\Project3.AXF" 
Erase Done.
Programming Done.
Verify OK.
Rebuild target 'Target 1'
assembling startup_LPC17xx.s...
compiling system_LPC17xx.c...
compiling Retarget.c...
compiling uart.c...
compiling array_tools.c...
array_tools.c(92): warning:  #181-D: argument is incompatible with corresponding format string conversion
compiling main.c...
compiling quicksort.c...
quicksort.c(96): warning:  #177-D: variable "i" was declared but never referenced
compiling RTX_Conf_CM.c...
linking...
Program Size: Code=10976 RO-data=340 RW-data=108 ZI-data=27564  
"Project3.axf" - 0 Error(s), 2 Warning(s).
Load "N:\\MTE241\\MultThreadQS\\Project3.AXF" 
Erase Done.
Programming Done.
Verify OK.
Rebuild target 'Target 1'
assembling startup_LPC17xx.s...
compiling system_LPC17xx.c...
compiling Retarget.c...
compiling uart.c...
compiling array_tools.c...
array_tools.c(92): warning:  #181-D: argument is incompatible with corresponding format string conversion
compiling main.c...
compiling quicksort.c...
quicksort.c(127): error:  #20: identifier "left_task" is undefined
quicksort.c(142): error:  #20: identifier "right_task" is undefined
quicksort.c(96): warning:  #177-D: variable "i" was declared but never referenced
compiling RTX_Conf_CM.c...
Target not created
Rebuild target 'Target 1'
assembling startup_LPC17xx.s...
compiling system_LPC17xx.c...
compiling Retarget.c...
compiling uart.c...
compiling array_tools.c...
array_tools.c(92): warning:  #181-D: argument is incompatible with corresponding format string conversion
compiling main.c...
compiling quicksort.c...
quicksort.c(96): warning:  #177-D: variable "i" was declared but never referenced
compiling RTX_Conf_CM.c...
linking...
Program Size: Code=11068 RO-data=340 RW-data=112 ZI-data=27560  
"Project3.axf" - 0 Error(s), 2 Warning(s).
Load "N:\\MTE241\\MultThreadQS\\Project3.AXF" 
Erase Done.
Programming Done.
Verify OK.
Rebuild target 'Target 1'
assembling startup_LPC17xx.s...
compiling system_LPC17xx.c...
compiling Retarget.c...
compiling uart.c...
compiling array_tools.c...
array_tools.c(92): warning:  #181-D: argument is incompatible with corresponding format string conversion
compiling main.c...
compiling quicksort.c...
quicksort.c(96): warning:  #177-D: variable "i" was declared but never referenced
compiling RTX_Conf_CM.c...
linking...
Program Size: Code=11068 RO-data=340 RW-data=112 ZI-data=27560  
"Project3.axf" - 0 Error(s), 2 Warning(s).
Load "N:\\MTE241\\MultThreadQS\\Project3.AXF" 
Erase Done.
Programming Done.
Verify OK.
Rebuild target 'Target 1'
assembling startup_LPC17xx.s...
compiling system_LPC17xx.c...
compiling Retarget.c...
compiling uart.c...
compiling array_tools.c...
array_tools.c(92): warning:  #181-D: argument is incompatible with corresponding format string conversion
compiling main.c...
compiling quicksort.c...
quicksort.c(96): warning:  #177-D: variable "i" was declared but never referenced
compiling RTX_Conf_CM.c...
linking...
Program Size: Code=11064 RO-data=340 RW-data=112 ZI-data=27560  
"Project3.axf" - 0 Error(s), 2 Warning(s).
Load "N:\\MTE241\\MultThreadQS\\Project3.AXF" 
Erase Done.
Programming Done.
Verify OK.
Rebuild target 'Target 1'
assembling startup_LPC17xx.s...
compiling system_LPC17xx.c...
compiling Retarget.c...
compiling uart.c...
compiling array_tools.c...
array_tools.c(92): warning:  #181-D: argument is incompatible with corresponding format string conversion
compiling main.c...
compiling quicksort.c...
quicksort.c(96): warning:  #177-D: variable "i" was declared but never referenced
compiling RTX_Conf_CM.c...
linking...
Program Size: Code=11068 RO-data=340 RW-data=112 ZI-data=27560  
"Project3.axf" - 0 Error(s), 2 Warning(s).
Load "N:\\MTE241\\MultThreadQS\\Project3.AXF" 
Erase Done.
Programming Done.
Verify OK.
Rebuild target 'Target 1'
assembling startup_LPC17xx.s...
compiling system_LPC17xx.c...
compiling Retarget.c...
compiling uart.c...
compiling array_tools.c...
array_tools.c(92): warning:  #181-D: argument is incompatible with corresponding format string conversion
compiling main.c...
compiling quicksort.c...
quicksort.c(96): warning:  #177-D: variable "i" was declared but never referenced
compiling RTX_Conf_CM.c...
linking...
Program Size: Code=11068 RO-data=340 RW-data=112 ZI-data=27560  
"Project3.axf" - 0 Error(s), 2 Warning(s).
Rebuild target 'Target 1'
assembling startup_LPC17xx.s...
compiling system_LPC17xx.c...
compiling Retarget.c...
compiling uart.c...
compiling array_tools.c...
array_tools.c(92): warning:  #181-D: argument is incompatible with corresponding format string conversion
compiling main.c...
compiling quicksort.c...
quicksort.c(96): warning:  #177-D: variable "i" was declared but never referenced
compiling RTX_Conf_CM.c...
linking...
Project3.axf: Error: L6406E: No space in execution regions with .ANY selector matching rtx_conf_cm.o(.bss).
Project3.axf: Error: L6407E: Sections of aggregate size 0x373e4 bytes could not fit into .ANY selector(s).
Target not created
Rebuild target 'Target 1'
assembling startup_LPC17xx.s...
compiling system_LPC17xx.c...
compiling Retarget.c...
compiling uart.c...
compiling array_tools.c...
array_tools.c(92): warning:  #181-D: argument is incompatible with corresponding format string conversion
compiling main.c...
compiling quicksort.c...
quicksort.c(96): warning:  #177-D: variable "i" was declared but never referenced
compiling RTX_Conf_CM.c...
linking...
Program Size: Code=11068 RO-data=340 RW-data=112 ZI-data=27560  
"Project3.axf" - 0 Error(s), 2 Warning(s).
Load "N:\\MTE241\\MultThreadQS\\Project3.AXF" 
Erase Done.
Programming Done.
Verify OK.
Rebuild target 'Target 1'
assembling startup_LPC17xx.s...
compiling system_LPC17xx.c...
compiling Retarget.c...
compiling uart.c...
compiling array_tools.c...
array_tools.c(92): warning:  #181-D: argument is incompatible with corresponding format string conversion
compiling main.c...
compiling quicksort.c...
quicksort.c(96): warning:  #177-D: variable "i" was declared but never referenced
compiling RTX_Conf_CM.c...
linking...
Program Size: Code=11068 RO-data=340 RW-data=112 ZI-data=27560  
"Project3.axf" - 0 Error(s), 2 Warning(s).
Load "N:\\MTE241\\MultThreadQS\\Project3.AXF" 
Erase Done.
Programming Done.
Verify OK.
Rebuild target 'Target 1'
assembling startup_LPC17xx.s...
compiling system_LPC17xx.c...
compiling Retarget.c...
compiling uart.c...
compiling array_tools.c...
array_tools.c(92): warning:  #181-D: argument is incompatible with corresponding format string conversion
compiling main.c...
compiling quicksort.c...
quicksort.c(96): warning:  #177-D: variable "i" was declared but never referenced
compiling RTX_Conf_CM.c...
linking...
Program Size: Code=11064 RO-data=340 RW-data=112 ZI-data=27560  
"Project3.axf" - 0 Error(s), 2 Warning(s).
Load "N:\\MTE241\\MultThreadQS\\Project3.AXF" 
Erase Done.
Programming Done.
Verify OK.
Rebuild target 'Target 1'
assembling startup_LPC17xx.s...
compiling system_LPC17xx.c...
compiling Retarget.c...
compiling uart.c...
compiling array_tools.c...
array_tools.c(92): warning:  #181-D: argument is incompatible with corresponding format string conversion
compiling main.c...
compiling quicksort.c...
quicksort.c(96): warning:  #177-D: variable "i" was declared but never referenced
compiling RTX_Conf_CM.c...
linking...
Program Size: Code=11068 RO-data=340 RW-data=112 ZI-data=27560  
"Project3.axf" - 0 Error(s), 2 Warning(s).
Rebuild target 'Target 1'
assembling startup_LPC17xx.s...
compiling system_LPC17xx.c...
compiling Retarget.c...
compiling uart.c...
compiling array_tools.c...
array_tools.c(92): warning:  #181-D: argument is incompatible with corresponding format string conversion
compiling main.c...
compiling quicksort.c...
quicksort.c(96): warning:  #177-D: variable "i" was declared but never referenced
compiling RTX_Conf_CM.c...
linking...
Program Size: Code=11068 RO-data=340 RW-data=112 ZI-data=27560  
"Project3.axf" - 0 Error(s), 2 Warning(s).
Load "N:\\MTE241\\MultThreadQS\\Project3.AXF" 
Erase Done.
Programming Done.
Verify OK.
Rebuild target 'Target 1'
assembling startup_LPC17xx.s...
compiling system_LPC17xx.c...
compiling Retarget.c...
compiling uart.c...
compiling array_tools.c...
array_tools.c(92): warning:  #181-D: argument is incompatible with corresponding format string conversion
compiling main.c...
compiling quicksort.c...
quicksort.c(96): warning:  #177-D: variable "i" was declared but never referenced
compiling RTX_Conf_CM.c...
linking...
Program Size: Code=11116 RO-data=340 RW-data=112 ZI-data=27560  
"Project3.axf" - 0 Error(s), 2 Warning(s).
Load "N:\\MTE241\\MultThreadQS\\Project3.AXF" 
Erase Done.
Programming Done.
Verify OK.
Rebuild target 'Target 1'
assembling startup_LPC17xx.s...
compiling system_LPC17xx.c...
compiling Retarget.c...
compiling uart.c...
compiling array_tools.c...
array_tools.c(92): warning:  #181-D: argument is incompatible with corresponding format string conversion
compiling main.c...
compiling quicksort.c...
quicksort.c(96): warning:  #177-D: variable "i" was declared but never referenced
compiling RTX_Conf_CM.c...
linking...
Program Size: Code=11100 RO-data=340 RW-data=112 ZI-data=27560  
"Project3.axf" - 0 Error(s), 2 Warning(s).
Load "N:\\MTE241\\MultThreadQS\\Project3.AXF" 
Erase Done.
Programming Done.
Verify OK.
Load "N:\\MTE241\\MultThreadQS\\Project3.AXF" 
Erase Done.
Programming Done.
Verify OK.
Rebuild target 'Target 1'
assembling startup_LPC17xx.s...
compiling system_LPC17xx.c...
compiling Retarget.c...
compiling uart.c...
compiling array_tools.c...
array_tools.c(92): warning:  #181-D: argument is incompatible with corresponding format string conversion
compiling main.c...
compiling quicksort.c...
quicksort.c(96): warning:  #177-D: variable "i" was declared but never referenced
compiling RTX_Conf_CM.c...
linking...
Program Size: Code=11100 RO-data=340 RW-data=112 ZI-data=27560  
"Project3.axf" - 0 Error(s), 2 Warning(s).
Load "N:\\MTE241\\MultThreadQS\\Project3.AXF" 
Erase Done.
Programming Done.
Verify OK.
Rebuild target 'Target 1'
assembling startup_LPC17xx.s...
compiling system_LPC17xx.c...
compiling Retarget.c...
compiling uart.c...
compiling array_tools.c...
array_tools.c(92): warning:  #181-D: argument is incompatible with corresponding format string conversion
compiling main.c...
compiling quicksort.c...
quicksort.c(96): warning:  #177-D: variable "i" was declared but never referenced
compiling RTX_Conf_CM.c...
linking...
Program Size: Code=11096 RO-data=340 RW-data=112 ZI-data=27560  
"Project3.axf" - 0 Error(s), 2 Warning(s).
Load "N:\\MTE241\\MultThreadQS\\Project3.AXF" 
Erase Done.
Programming Done.
Verify OK.
Rebuild target 'Target 1'
assembling startup_LPC17xx.s...
compiling system_LPC17xx.c...
compiling Retarget.c...
compiling uart.c...
compiling array_tools.c...
array_tools.c(92): warning:  #181-D: argument is incompatible with corresponding format string conversion
compiling main.c...
compiling quicksort.c...
quicksort.c(96): warning:  #177-D: variable "i" was declared but never referenced
compiling RTX_Conf_CM.c...
linking...
Program Size: Code=11096 RO-data=340 RW-data=112 ZI-data=27560  
"Project3.axf" - 0 Error(s), 2 Warning(s).
Load "N:\\MTE241\\MultThreadQS\\Project3.AXF" 
Erase Done.
Programming Done.
Verify OK.
Rebuild target 'Target 1'
assembling startup_LPC17xx.s...
compiling system_LPC17xx.c...
compiling Retarget.c...
compiling uart.c...
compiling array_tools.c...
array_tools.c(92): warning:  #181-D: argument is incompatible with corresponding format string conversion
compiling main.c...
compiling quicksort.c...
quicksort.c(96): warning:  #177-D: variable "i" was declared but never referenced
compiling RTX_Conf_CM.c...
linking...
Program Size: Code=11096 RO-data=340 RW-data=112 ZI-data=27560  
"Project3.axf" - 0 Error(s), 2 Warning(s).
Load "N:\\MTE241\\MultThreadQS\\Project3.AXF" 
Erase Done.
Programming Done.
Verify OK.
Rebuild target 'Target 1'
assembling startup_LPC17xx.s...
compiling system_LPC17xx.c...
compiling Retarget.c...
compiling uart.c...
compiling array_tools.c...
array_tools.c(92): warning:  #181-D: argument is incompatible with corresponding format string conversion
compiling main.c...
compiling quicksort.c...
quicksort.c(96): warning:  #177-D: variable "i" was declared but never referenced
compiling RTX_Conf_CM.c...
linking...
Program Size: Code=11096 RO-data=340 RW-data=112 ZI-data=27560  
"Project3.axf" - 0 Error(s), 2 Warning(s).
Load "N:\\MTE241\\MultThreadQS\\Project3.AXF" 
Erase Done.
Programming Done.
Verify OK.
